// Jest Snapshot v1, https://goo.gl/fbAQLP

exports[`<Expression /> should render component 1`] = `
<div>
  <button
    id="add-expression"
    onClick={[Function]}
  >
    +
  </button>
  <br />
  <div
    className="expression"
  >
    <div>
      <input
        id="factor-0"
        onChange={[Function]}
        type="number"
        value={1}
      />
      x
      <input
        id="power-0"
        onChange={[Function]}
        type="number"
        value={1}
      />
      <button
        id="remove-expression-0"
        onClick={[Function]}
      >
        x
      </button>
      <br />
    </div>
  </div>
</div>
`;
